../Core/Src/main.c:17:5:main	8	static
../Core/Src/main.c:64:6:gpio_button_init	24	static
../Core/Src/main.c:84:9:gpio_button_read	16	static
../Core/Src/main.c:93:6:gpio_d12_init	16	static
../Core/Src/main.c:105:6:gpio_d13_init	16	static
../Core/Src/main.c:117:6:gpio_d14_init	16	static
../Core/Src/main.c:129:6:gpio_d15_init	16	static
../Core/Src/main.c:141:6:gpio_d12_write	24	static
../Core/Src/main.c:150:6:gpio_d13_write	24	static
../Core/Src/main.c:159:6:gpio_d14_write	24	static
../Core/Src/main.c:168:6:gpio_d15_write	24	static
