../Core/Src/main.c:17:5:main	8	static
../Core/Src/main.c:37:6:gpio_button_init	24	static
../Core/Src/main.c:57:9:gpio_button_read	16	static
../Core/Src/main.c:66:6:gpio_d12_init	16	static
../Core/Src/main.c:78:6:gpio_d13_init	16	static
../Core/Src/main.c:90:6:gpio_d14_init	16	static
../Core/Src/main.c:102:6:gpio_d15_init	16	static
../Core/Src/main.c:114:6:gpio_d12_write	24	static
../Core/Src/main.c:123:6:gpio_d13_write	24	static
../Core/Src/main.c:132:6:gpio_d14_write	24	static
../Core/Src/main.c:141:6:gpio_d15_write	24	static
