../Core/Src/main.c:26:5:main	8	static
../Core/Src/main.c:53:6:custom_delay	24	static,ignoring_inline_asm
../Core/Src/main.c:66:6:gpio_led_init	16	static
../Core/Src/main.c:86:6:gpio_led_write	24	static
../Core/Src/main.c:100:6:vectortable_move	24	static
../Core/Src/main.c:116:6:EXTI0_init	24	static
../Core/Src/main.c:144:6:EXTI0_handler	16	static
../Core/Src/main.c:154:6:tim1_init	32	static
../Core/Src/main.c:182:6:TIM1_UP_TIM10_IRQHandler	16	static
../Core/Src/main.c:192:6:tim1_handler	16	static
../Core/Src/main.c:202:6:tim1_delay	16	static
